{"org_address": "", "org_name": "", "emails": ["hostmaster@nic.ad.jp"], "name": "JPNIC-2Byte-ASBLOCK-AP"}
